-----------------------------------------------------------------------------

Input image     : I_cl1358_9.fits[1:518,1:518] 
Init. par. file : G_cl1358_9.in 
Restart file    : galfit.01 
Output image    : O_cl1358_9.fits 

 sersic    : (  258.36,   260.01)   20.24      1.98    1.98    0.90  -102.26
             (    0.01,     0.01)    0.03      0.07    0.09    0.01     4.83
     c0    :    0.27 
           :    0.26 
 expdisk   : (  258.44,   258.95)   18.65     13.90    0.90  -102.26
             (    0.08,     0.08)    0.01      0.27    0.01     2.54
 sersic    : (  258.24,   261.99)   20.01     16.74    0.06    0.89  -102.26
             (    0.13,     0.11)    0.04      0.16    0.01    0.01     2.44
     c0    :   -0.01 
           :    0.05 
 sky       : [259.50, 259.50]  9.52e-04  [0.00e+00]  [0.00e+00]
                                4.82e-05  [0.00e+00]  [0.00e+00]
 sersic    : (  277.65,   169.92)   19.24      9.57    4.40    0.25   -36.29
             (    0.01,     0.01)    0.01      0.19    0.08    0.00     0.18
 Chi^2 = 305674.18957,  ndof = 263854
 Chi^2/nu = 1.158 

-----------------------------------------------------------------------------
